../../Drivers/CMSIS/Include/core_cm7.h:1871:22:__NVIC_SetPriorityGrouping	1
../../Drivers/STM32H7xx_HAL_Driver/Inc/stm32h7xx_ll_rcc.h:1707:22:LL_RCC_HSI_Enable	1
../../Drivers/STM32H7xx_HAL_Driver/Inc/stm32h7xx_ll_rcc.h:1727:26:LL_RCC_HSI_IsReady	2
../../Drivers/STM32H7xx_HAL_Driver/Inc/stm32h7xx_ll_rcc.h:1752:22:LL_RCC_HSI_SetDivider	1
../../Drivers/STM32H7xx_HAL_Driver/Inc/stm32h7xx_ll_rcc.h:1812:22:LL_RCC_HSI_SetCalibTrimming	2
../../Drivers/STM32H7xx_HAL_Driver/Inc/stm32h7xx_ll_rcc.h:2408:22:LL_RCC_SetSysClkSource	1
../../Drivers/STM32H7xx_HAL_Driver/Inc/stm32h7xx_ll_rcc.h:2422:26:LL_RCC_GetSysClkSource	1
../../Drivers/STM32H7xx_HAL_Driver/Inc/stm32h7xx_ll_rcc.h:2492:22:LL_RCC_SetSysPrescaler	1
../../Drivers/STM32H7xx_HAL_Driver/Inc/stm32h7xx_ll_rcc.h:2516:22:LL_RCC_SetAHBPrescaler	1
../../Drivers/STM32H7xx_HAL_Driver/Inc/stm32h7xx_ll_rcc.h:2536:22:LL_RCC_SetAPB1Prescaler	1
../../Drivers/STM32H7xx_HAL_Driver/Inc/stm32h7xx_ll_rcc.h:2556:22:LL_RCC_SetAPB2Prescaler	1
../../Drivers/STM32H7xx_HAL_Driver/Inc/stm32h7xx_ll_rcc.h:2576:22:LL_RCC_SetAPB3Prescaler	1
../../Drivers/STM32H7xx_HAL_Driver/Inc/stm32h7xx_ll_rcc.h:2596:22:LL_RCC_SetAPB4Prescaler	1
../../Drivers/STM32H7xx_HAL_Driver/Inc/stm32h7xx_ll_rcc.h:4301:22:LL_RCC_PLL_SetSource	1
../../Drivers/STM32H7xx_HAL_Driver/Inc/stm32h7xx_ll_rcc.h:4325:22:LL_RCC_PLL1_Enable	1
../../Drivers/STM32H7xx_HAL_Driver/Inc/stm32h7xx_ll_rcc.h:4346:26:LL_RCC_PLL1_IsReady	2
../../Drivers/STM32H7xx_HAL_Driver/Inc/stm32h7xx_ll_rcc.h:4357:22:LL_RCC_PLL1P_Enable	1
../../Drivers/STM32H7xx_HAL_Driver/Inc/stm32h7xx_ll_rcc.h:4486:22:LL_RCC_PLL1_SetVCOOutputRange	1
../../Drivers/STM32H7xx_HAL_Driver/Inc/stm32h7xx_ll_rcc.h:4502:22:LL_RCC_PLL1_SetVCOInputRange	1
../../Drivers/STM32H7xx_HAL_Driver/Inc/stm32h7xx_ll_rcc.h:4573:22:LL_RCC_PLL1_SetN	1
../../Drivers/STM32H7xx_HAL_Driver/Inc/stm32h7xx_ll_rcc.h:4584:22:LL_RCC_PLL1_SetM	1
../../Drivers/STM32H7xx_HAL_Driver/Inc/stm32h7xx_ll_rcc.h:4597:22:LL_RCC_PLL1_SetP	1
../../Drivers/STM32H7xx_HAL_Driver/Inc/stm32h7xx_ll_rcc.h:4608:22:LL_RCC_PLL1_SetQ	1
../../Drivers/STM32H7xx_HAL_Driver/Inc/stm32h7xx_ll_rcc.h:4619:22:LL_RCC_PLL1_SetR	1
../../Drivers/STM32H7xx_HAL_Driver/Inc/stm32h7xx_ll_bus.h:2814:22:LL_APB4_GRP1_EnableClock	1
../../Drivers/STM32H7xx_HAL_Driver/Inc/stm32h7xx_ll_system.h:2333:22:LL_FLASH_SetLatency	1
../../Drivers/STM32H7xx_HAL_Driver/Inc/stm32h7xx_ll_system.h:2351:26:LL_FLASH_GetLatency	1
../../Drivers/STM32H7xx_HAL_Driver/Inc/stm32h7xx_ll_pwr.h:996:22:LL_PWR_ConfigSupply	1
../../Drivers/STM32H7xx_HAL_Driver/Inc/stm32h7xx_ll_pwr.h:1575:22:LL_PWR_SetRegulVoltageScaling	1
../Core/Src/main.c:66:5:main	1
../Core/Src/main.c:111:6:SystemClock_Config	5
../Core/Src/main.c:171:6:Error_Handler	1
