Archive member included to satisfy reference by file (symbol)

C:/ST/STM32CubeIDE_1.10.1/STM32CubeIDE/plugins/com.st.stm32cube.ide.mcu.externaltools.gnu-tools-for-stm32.12.3.rel1.win32_1.0.100.202403111256/tools/bin/../lib/gcc/arm-none-eabi/12.3.1/../../../../arm-none-eabi/lib/thumb/v7e-m+fp/hard\libc_nano.a(libc_a-exit.o)
                              C:/ST/STM32CubeIDE_1.10.1/STM32CubeIDE/plugins/com.st.stm32cube.ide.mcu.externaltools.gnu-tools-for-stm32.12.3.rel1.win32_1.0.100.202403111256/tools/bin/../lib/gcc/arm-none-eabi/12.3.1/../../../../arm-none-eabi/lib/thumb/v7e-m+fp/hard/crt0.o (exit)
C:/ST/STM32CubeIDE_1.10.1/STM32CubeIDE/plugins/com.st.stm32cube.ide.mcu.externaltools.gnu-tools-for-stm32.12.3.rel1.win32_1.0.100.202403111256/tools/bin/../lib/gcc/arm-none-eabi/12.3.1/../../../../arm-none-eabi/lib/thumb/v7e-m+fp/hard\libc_nano.a(libc_a-findfp.o)
                              C:/ST/STM32CubeIDE_1.10.1/STM32CubeIDE/plugins/com.st.stm32cube.ide.mcu.externaltools.gnu-tools-for-stm32.12.3.rel1.win32_1.0.100.202403111256/tools/bin/../lib/gcc/arm-none-eabi/12.3.1/../../../../arm-none-eabi/lib/thumb/v7e-m+fp/hard\libc_nano.a(libc_a-exit.o) (__stdio_exit_handler)
C:/ST/STM32CubeIDE_1.10.1/STM32CubeIDE/plugins/com.st.stm32cube.ide.mcu.externaltools.gnu-tools-for-stm32.12.3.rel1.win32_1.0.100.202403111256/tools/bin/../lib/gcc/arm-none-eabi/12.3.1/../../../../arm-none-eabi/lib/thumb/v7e-m+fp/hard\libc_nano.a(libc_a-fwalk.o)
                              C:/ST/STM32CubeIDE_1.10.1/STM32CubeIDE/plugins/com.st.stm32cube.ide.mcu.externaltools.gnu-tools-for-stm32.12.3.rel1.win32_1.0.100.202403111256/tools/bin/../lib/gcc/arm-none-eabi/12.3.1/../../../../arm-none-eabi/lib/thumb/v7e-m+fp/hard\libc_nano.a(libc_a-findfp.o) (_fwalk_sglue)
C:/ST/STM32CubeIDE_1.10.1/STM32CubeIDE/plugins/com.st.stm32cube.ide.mcu.externaltools.gnu-tools-for-stm32.12.3.rel1.win32_1.0.100.202403111256/tools/bin/../lib/gcc/arm-none-eabi/12.3.1/../../../../arm-none-eabi/lib/thumb/v7e-m+fp/hard\libc_nano.a(libc_a-stdio.o)
                              C:/ST/STM32CubeIDE_1.10.1/STM32CubeIDE/plugins/com.st.stm32cube.ide.mcu.externaltools.gnu-tools-for-stm32.12.3.rel1.win32_1.0.100.202403111256/tools/bin/../lib/gcc/arm-none-eabi/12.3.1/../../../../arm-none-eabi/lib/thumb/v7e-m+fp/hard\libc_nano.a(libc_a-findfp.o) (__sread)
C:/ST/STM32CubeIDE_1.10.1/STM32CubeIDE/plugins/com.st.stm32cube.ide.mcu.externaltools.gnu-tools-for-stm32.12.3.rel1.win32_1.0.100.202403111256/tools/bin/../lib/gcc/arm-none-eabi/12.3.1/../../../../arm-none-eabi/lib/thumb/v7e-m+fp/hard\libc_nano.a(libc_a-memset.o)
                              C:/ST/STM32CubeIDE_1.10.1/STM32CubeIDE/plugins/com.st.stm32cube.ide.mcu.externaltools.gnu-tools-for-stm32.12.3.rel1.win32_1.0.100.202403111256/tools/bin/../lib/gcc/arm-none-eabi/12.3.1/../../../../arm-none-eabi/lib/thumb/v7e-m+fp/hard/crt0.o (memset)
C:/ST/STM32CubeIDE_1.10.1/STM32CubeIDE/plugins/com.st.stm32cube.ide.mcu.externaltools.gnu-tools-for-stm32.12.3.rel1.win32_1.0.100.202403111256/tools/bin/../lib/gcc/arm-none-eabi/12.3.1/../../../../arm-none-eabi/lib/thumb/v7e-m+fp/hard\libc_nano.a(libc_a-closer.o)
                              C:/ST/STM32CubeIDE_1.10.1/STM32CubeIDE/plugins/com.st.stm32cube.ide.mcu.externaltools.gnu-tools-for-stm32.12.3.rel1.win32_1.0.100.202403111256/tools/bin/../lib/gcc/arm-none-eabi/12.3.1/../../../../arm-none-eabi/lib/thumb/v7e-m+fp/hard\libc_nano.a(libc_a-stdio.o) (_close_r)
C:/ST/STM32CubeIDE_1.10.1/STM32CubeIDE/plugins/com.st.stm32cube.ide.mcu.externaltools.gnu-tools-for-stm32.12.3.rel1.win32_1.0.100.202403111256/tools/bin/../lib/gcc/arm-none-eabi/12.3.1/../../../../arm-none-eabi/lib/thumb/v7e-m+fp/hard\libc_nano.a(libc_a-reent.o)
                              C:/ST/STM32CubeIDE_1.10.1/STM32CubeIDE/plugins/com.st.stm32cube.ide.mcu.externaltools.gnu-tools-for-stm32.12.3.rel1.win32_1.0.100.202403111256/tools/bin/../lib/gcc/arm-none-eabi/12.3.1/../../../../arm-none-eabi/lib/thumb/v7e-m+fp/hard\libc_nano.a(libc_a-closer.o) (errno)
C:/ST/STM32CubeIDE_1.10.1/STM32CubeIDE/plugins/com.st.stm32cube.ide.mcu.externaltools.gnu-tools-for-stm32.12.3.rel1.win32_1.0.100.202403111256/tools/bin/../lib/gcc/arm-none-eabi/12.3.1/../../../../arm-none-eabi/lib/thumb/v7e-m+fp/hard\libc_nano.a(libc_a-impure.o)
                              C:/ST/STM32CubeIDE_1.10.1/STM32CubeIDE/plugins/com.st.stm32cube.ide.mcu.externaltools.gnu-tools-for-stm32.12.3.rel1.win32_1.0.100.202403111256/tools/bin/../lib/gcc/arm-none-eabi/12.3.1/../../../../arm-none-eabi/lib/thumb/v7e-m+fp/hard\libc_nano.a(libc_a-reent.o) (_impure_ptr)
C:/ST/STM32CubeIDE_1.10.1/STM32CubeIDE/plugins/com.st.stm32cube.ide.mcu.externaltools.gnu-tools-for-stm32.12.3.rel1.win32_1.0.100.202403111256/tools/bin/../lib/gcc/arm-none-eabi/12.3.1/../../../../arm-none-eabi/lib/thumb/v7e-m+fp/hard\libc_nano.a(libc_a-lseekr.o)
[...]
Memory Configuration

Name             Origin             Length             Attributes
FLASH            0x08100000         0x00100000         xr
RAM              0x10000000         0x00048000         xrw
*default*        0x00000000         0xffffffff

Linker script and memory map

LOAD C:/ST/STM32CubeIDE_1.10.1/STM32CubeIDE/plugins/com.st.stm32cube.ide.mcu.externaltools.gnu-tools-for-stm32.12.3.rel1.win32_1.0.100.202403111256/tools/bin/../lib/gcc/arm-none-eabi/12.3.1/thumb/v7e-m+fp/hard/crti.o
LOAD C:/ST/STM32CubeIDE_1.10.1/STM32CubeIDE/plugins/com.st.stm32cube.ide.mcu.externaltools.gnu-tools-for-stm32.12.3.rel1.win32_1.0.100.202403111256/tools/bin/../lib/gcc/arm-none-eabi/12.3.1/thumb/v7e-m+fp/hard/crtbegin.o
LOAD C:/ST/STM32CubeIDE_1.10.1/STM32CubeIDE/plugins/com.st.stm32cube.ide.mcu.externaltools.gnu-tools-for-stm32.12.3.rel1.win32_1.0.100.202403111256/tools/bin/../lib/gcc/arm-none-eabi/12.3.1/../../../../arm-none-eabi/lib/thumb/v7e-m+fp/hard/crt0.o
LOAD ./Common/Src/system_stm32h7xx_dualcore_boot_cm4_cm7.o
LOAD ./Core/Src/GPIO.o
LOAD ./Core/Src/RCC_CLOCK.o
LOAD ./Core/Src/USART_driver.o
LOAD ./Core/Src/main.o
LOAD ./Core/Src/stm32h7xx_it.o
LOAD ./Core/Src/syscalls.o
LOAD ./Core/Src/sysmem.o
LOAD ./Core/Startup/startup_stm32h757xihx.o
LOAD ./Drivers/STM32H7xx_HAL_Driver/stm32h7xx_ll_exti.o
LOAD ./Drivers/STM32H7xx_HAL_Driver/stm32h7xx_ll_gpio.o
LOAD ./Drivers/STM32H7xx_HAL_Driver/stm32h7xx_ll_pwr.o
LOAD ./Drivers/STM32H7xx_HAL_Driver/stm32h7xx_ll_rcc.o
LOAD ./Drivers/STM32H7xx_HAL_Driver/stm32h7xx_ll_utils.o
START GROUP
LOAD C:/ST/STM32CubeIDE_1.10.1/STM32CubeIDE/plugins/com.st.stm32cube.ide.mcu.externaltools.gnu-tools-for-stm32.12.3.rel1.win32_1.0.100.202403111256/tools/bin/../lib/gcc/arm-none-eabi/12.3.1/../../../../arm-none-eabi/lib/thumb/v7e-m+fp/hard\libc_nano.a
LOAD C:/ST/STM32CubeIDE_1.10.1/STM32CubeIDE/plugins/com.st.stm32cube.ide.mcu.externaltools.gnu-tools-for-stm32.12.3.rel1.win32_1.0.100.202403111256/tools/bin/../lib/gcc/arm-none-eabi/12.3.1/../../../../arm-none-eabi/lib/thumb/v7e-m+fp/hard\libm.a
END GROUP
START GROUP
LOAD C:/ST/STM32CubeIDE_1.10.1/STM32CubeIDE/plugins/com.st.stm32cube.ide.mcu.externaltools.gnu-tools-for-stm32.12.3.rel1.win32_1.0.100.202403111256/tools/bin/../lib/gcc/arm-none-eabi/12.3.1/thumb/v7e-m+fp/hard\libgcc.a
LOAD C:/ST/STM32CubeIDE_1.10.1/STM32CubeIDE/plugins/com.st.stm32cube.ide.mcu.externaltools.gnu-tools-for-stm32.12.3.rel1.win32_1.0.100.202403111256/tools/bin/../lib/gcc/arm-none-eabi/12.3.1/../../../../arm-none-eabi/lib/thumb/v7e-m+fp/hard\libc_nano.a
END GROUP
START GROUP
LOAD C:/ST/STM32CubeIDE_1.10.1/STM32CubeIDE/plugins/com.st.stm32cube.ide.mcu.externaltools.gnu-tools-for-stm32.12.3.rel1.win32_1.0.100.202403111256/tools/bin/../lib/gcc/arm-none-eabi/12.3.1/thumb/v7e-m+fp/hard\libgcc.a
LOAD C:/ST/STM32CubeIDE_1.10.1/STM32CubeIDE/plugins/com.st.stm32cube.ide.mcu.externaltools.gnu-tools-for-stm32.12.3.rel1.win32_1.0.100.202403111256/tools/bin/../lib/gcc/arm-none-eabi/12.3.1/../../../../arm-none-eabi/lib/thumb/v7e-m+fp/hard\libc_nano.a
LOAD C:/ST/STM32CubeIDE_1.10.1/STM32CubeIDE/plugins/com.st.stm32cube.ide.mcu.externaltools.gnu-tools-for-stm32.12.3.rel1.win32_1.0.100.202403111256/tools/bin/../lib/gcc/arm-none-eabi/12.3.1/../../../../arm-none-eabi/lib/thumb/v7e-m+fp/hard\libnosys.a
END GROUP
START GROUP
LOAD C:/ST/STM32CubeIDE_1.10.1/STM32CubeIDE/plugins/com.st.stm32cube.ide.mcu.externaltools.gnu-tools-for-stm32.12.3.rel1.win32_1.0.100.202403111256/tools/bin/../lib/gcc/arm-none-eabi/12.3.1/thumb/v7e-m+fp/hard\libgcc.a
LOAD C:/ST/STM32CubeIDE_1.10.1/STM32CubeIDE/plugins/com.st.stm32cube.ide.mcu.externaltools.gnu-tools-for-stm32.12.3.rel1.win32_1.0.100.202403111256/tools/bin/../lib/gcc/arm-none-eabi/12.3.1/../../../../arm-none-eabi/lib/thumb/v7e-m+fp/hard\libc_nano.a
LOAD C:/ST/STM32CubeIDE_1.10.1/STM32CubeIDE/plugins/com.st.stm32cube.ide.mcu.externaltools.gnu-tools-for-stm32.12.3.rel1.win32_1.0.100.202403111256/tools/bin/../lib/gcc/arm-none-eabi/12.3.1/../../../../arm-none-eabi/lib/thumb/v7e-m+fp/hard\libnosys.a
END GROUP
LOAD C:/ST/STM32CubeIDE_1.10.1/STM32CubeIDE/plugins/com.st.stm32cube.ide.mcu.externaltools.gnu-tools-for-stm32.12.3.rel1.win32_1.0.100.202403111256/tools/bin/../lib/gcc/arm-none-eabi/12.3.1/thumb/v7e-m+fp/hard/crtend.o
LOAD C:/ST/STM32CubeIDE_1.10.1/STM32CubeIDE/plugins/com.st.stm32cube.ide.mcu.externaltools.gnu-tools-for-stm32.12.3.rel1.win32_1.0.100.202403111256/tools/bin/../lib/gcc/arm-none-eabi/12.3.1/thumb/v7e-m+fp/hard/crtn.o
                0x10048000                        _estack = (ORIGIN (RAM) + LENGTH (RAM))
                0x00000200                        _Min_Heap_Size = 0x200
                0x00000400                        _Min_Stack_Size = 0x400

.isr_vector     0x08100000      0x298
                0x08100000                        . = ALIGN (0x4)
 *(.isr_vector)
 .isr_vector    0x08100000      0x298 ./Core/Startup/startup_stm32h757xihx.o
                0x08100000                g_pfnVectors
                0x08100298                        . = ALIGN (0x4)

.text           0x08100298      0x42c
                0x08100298                        . = ALIGN (0x4)
 *(.text)
 .text          0x08100298       0x40 C:/ST/STM32CubeIDE_1.10.1/STM32CubeIDE/plugins/com.st.stm32cube.ide.mcu.externaltools.gnu-tools-for-stm32.12.3.rel1.win32_1.0.100.202403111256/tools/bin/../lib/gcc/arm-none-eabi/12.3.1/thumb/v7e-m+fp/hard/crtbegin.o
 *(.text*)
 .text.SystemInit
                0x081002d8       0x30 ./Common/Src/system_stm32h7xx_dualcore_boot_cm4_cm7.o
                0x081002d8                SystemInit
 .text.gpio_check_freq
                0x08100308       0x90 ./Core/Src/GPIO.o
                0x08100308                gpio_check_freq
 .text.delay    0x08100398       0x2a ./Core/Src/GPIO.o
                0x08100398                delay
 *fill*         0x081003c2        0x2 
 .text.blink_LED4
                0x081003c4       0x84 ./Core/Src/GPIO.o
                0x081003c4                blink_LED4
 .text.clock_config
                0x08100448      0x144 ./Core/Src/RCC_CLOCK.o
                0x08100448                clock_config
 .text.main     0x0810058c       0x24 ./Core/Src/main.o
                0x0810058c                main
 .text.NMI_Handler
                0x081005b0        0x8 ./Core/Src/stm32h7xx_it.o
                0x081005b0                NMI_Handler
 .text.HardFault_Handler
                0x081005b8        0x8 ./Core/Src/stm32h7xx_it.o
                0x081005b8                HardFault_Handler
 .text.MemManage_Handler
                0x081005c0        0x8 ./Core/Src/stm32h7xx_it.o
                0x081005c0                MemManage_Handler
 .text.BusFault_Handler
                0x081005c8        0x8 ./Core/Src/stm32h7xx_it.o
                0x081005c8                BusFault_Handler
 .text.UsageFault_Handler
                0x081005d0        0x8 ./Core/Src/stm32h7xx_it.o
                0x081005d0                UsageFault_Handler
 .text.SVC_Handler
                0x081005d8        0xe ./Core/Src/stm32h7xx_it.o
                0x081005d8                SVC_Handler
 .text.DebugMon_Handler
                0x081005e6        0xe ./Core/Src/stm32h7xx_it.o
                0x081005e6                DebugMon_Handler
 .text.PendSV_Handler
                0x081005f4        0xe ./Core/Src/stm32h7xx_it.o
                0x081005f4                PendSV_Handler
 .text.SysTick_Handler
                0x08100602        0xe ./Core/Src/stm32h7xx_it.o
                0x08100602                SysTick_Handler
 .text.Reset_Handler
                0x08100610       0x50 ./Core/Startup/startup_stm32h757xihx.o
                0x08100610                Reset_Handler
 .text.Default_Handler
                0x08100660        0x2 ./Core/Startup/startup_stm32h757xihx.o
                0x08100660                RTC_Alarm_IRQHandler
                0x08100660                HASH_RNG_IRQHandler
                0x08100660                EXTI2_IRQHandler
                0x08100660                TIM8_CC_IRQHandler
                0x08100660                HRTIM1_Master_IRQHandler
                0x08100660                UART8_IRQHandler
                0x08100660                SPI4_IRQHandler
                0x08100660                TIM1_CC_IRQHandler
                0x08100660                BDMA_Channel6_IRQHandler
                0x08100660                DMA2_Stream5_IRQHandler
                0x08100660                HRTIM1_FLT_IRQHandler
                0x08100660                JPEG_IRQHandler
                0x08100660                DMA1_Stream5_IRQHandler
                0x08100660                BDMA_Channel1_IRQHandler
                0x08100660                HRTIM1_TIMD_IRQHandler
                0x08100660                TAMP_STAMP_IRQHandler
                0x08100660                EXTI3_IRQHandler
                0x08100660                LPTIM4_IRQHandler
                0x08100660                TIM8_TRG_COM_TIM14_IRQHandler
                0x08100660                LPTIM2_IRQHandler
                0x08100660                DFSDM1_FLT1_IRQHandler
                0x08100660                DMAMUX2_OVR_IRQHandler
                0x08100660                TIM8_UP_TIM13_IRQHandler
                0x08100660                I2C3_ER_IRQHandler
                0x08100660                DFSDM1_FLT2_IRQHandler
                0x08100660                MDMA_IRQHandler
                0x08100660                LPTIM3_IRQHandler
                0x08100660                HSEM1_IRQHandler
                0x08100660                EXTI0_IRQHandler
                0x08100660                I2C2_EV_IRQHandler
                0x08100660                DMA1_Stream2_IRQHandler
                0x08100660                FPU_IRQHandler
                0x08100660                OTG_HS_WKUP_IRQHandler
                0x08100660                FDCAN1_IT1_IRQHandler
                0x08100660                LTDC_ER_IRQHandler
                0x08100660                DMA2_Stream2_IRQHandler
                0x08100660                HRTIM1_TIME_IRQHandler
                0x08100660                SPI1_IRQHandler
                0x08100660                TIM6_DAC_IRQHandler
                0x08100660                DCMI_IRQHandler
                0x08100660                HRTIM1_TIMC_IRQHandler
                0x08100660                DMA2_Stream3_IRQHandler
                0x08100660                SAI2_IRQHandler
                0x08100660                DFSDM1_FLT3_IRQHandler
                0x08100660                USART6_IRQHandler
                0x08100660                TIM17_IRQHandler
                0x08100660                USART3_IRQHandler
                0x08100660                BDMA_Channel7_IRQHandler
                0x08100660                CRYP_IRQHandler
                0x08100660                LPTIM5_IRQHandler
                0x08100660                UART5_IRQHandler
                0x08100660                ADC3_IRQHandler
                0x08100660                DMA2_Stream0_IRQHandler
                0x08100660                TIM4_IRQHandler
                0x08100660                BDMA_Channel2_IRQHandler
                0x08100660                QUADSPI_IRQHandler
                0x08100660                I2C1_EV_IRQHandler
                0x08100660                DMA1_Stream6_IRQHandler
                0x08100660                DMAMUX1_OVR_IRQHandler
                0x08100660                DMA1_Stream1_IRQHandler
                0x08100660                TIM16_IRQHandler
                0x08100660                UART4_IRQHandler
                0x08100660                BDMA_Channel5_IRQHandler
                0x08100660                TIM3_IRQHandler
                0x08100660                RCC_IRQHandler
                0x08100660                TIM8_BRK_TIM12_IRQHandler
                0x08100660                TIM1_TRG_COM_IRQHandler
                0x08100660                Default_Handler
                0x08100660                ECC_IRQHandler
                0x08100660                CEC_IRQHandler
                0x08100660                EXTI15_10_IRQHandler
                0x08100660                BDMA_Channel0_IRQHandler
                0x08100660                ADC_IRQHandler
                0x08100660                DMA1_Stream7_IRQHandler
                0x08100660                HRTIM1_TIMA_IRQHandler
                0x08100660                SPI5_IRQHandler
                0x08100660                TIM7_IRQHandler
                0x08100660                SDMMC1_IRQHandler
                0x08100660                TIM5_IRQHandler
                0x08100660                DMA2_Stream7_IRQHandler
                0x08100660                TIM15_IRQHandler
                0x08100660                PVD_AVD_IRQHandler
                0x08100660                I2C3_EV_IRQHandler
                0x08100660                EXTI9_5_IRQHandler
                0x08100660                RTC_WKUP_IRQHandler
                0x08100660                LTDC_IRQHandler
                0x08100660                SAI3_IRQHandler
                0x08100660                ETH_WKUP_IRQHandler
                0x08100660                SPDIF_RX_IRQHandler
                0x08100660                SPI2_IRQHandler
                0x08100660                OTG_HS_EP1_IN_IRQHandler
                0x08100660                DMA1_Stream0_IRQHandler
                0x08100660                CRS_IRQHandler
                0x08100660                CM7_SEV_IRQHandler
                0x08100660                EXTI4_IRQHandler
                0x08100660                CM4_SEV_IRQHandler
                0x08100660                HRTIM1_TIMB_IRQHandler
                0x08100660                FDCAN2_IT1_IRQHandler
                0x08100660                DSI_IRQHandler
                0x08100660                ETH_IRQHandler
                0x08100660                TIM1_UP_IRQHandler
                0x08100660                WWDG_RST_IRQHandler
                0x08100660                BDMA_Channel4_IRQHandler
                0x08100660                OTG_HS_EP1_OUT_IRQHandler
                0x08100660                WWDG_IRQHandler
                0x08100660                SPI6_IRQHandler
                0x08100660                MDIOS_IRQHandler
                0x08100660                I2C4_EV_IRQHandler
                0x08100660                FDCAN2_IT0_IRQHandler
                0x08100660                LPUART1_IRQHandler
                0x08100660                FDCAN1_IT0_IRQHandler
                0x08100660                TIM2_IRQHandler
                0x08100660                OTG_FS_WKUP_IRQHandler
                0x08100660                OTG_HS_IRQHandler
                0x08100660                HSEM2_IRQHandler
                0x08100660                DMA2D_IRQHandler
                0x08100660                TIM1_BRK_IRQHandler
                0x08100660                EXTI1_IRQHandler
                0x08100660                SDMMC2_IRQHandler
                0x08100660                OTG_FS_EP1_OUT_IRQHandler
                0x08100660                BDMA_Channel3_IRQHandler
                0x08100660                HOLD_CORE_IRQHandler
                0x08100660                UART7_IRQHandler
                0x08100660                MDIOS_WKUP_IRQHandler
                0x08100660                USART2_IRQHandler
                0x08100660                DFSDM1_FLT0_IRQHandler
                0x08100660                SAI4_IRQHandler
                0x08100660                I2C2_ER_IRQHandler
                0x08100660                DMA2_Stream1_IRQHandler
                0x08100660                FLASH_IRQHandler
                0x08100660                DMA2_Stream4_IRQHandler
                0x08100660                USART1_IRQHandler
                0x08100660                OTG_FS_IRQHandler
                0x08100660                SPI3_IRQHandler
                0x08100660                WAKEUP_PIN_IRQHandler
                0x08100660                DMA1_Stream4_IRQHandler
                0x08100660                OTG_FS_EP1_IN_IRQHandler
                0x08100660                I2C1_ER_IRQHandler
                0x08100660                FMC_IRQHandler
                0x08100660                FDCAN_CAL_IRQHandler
                0x08100660                SWPMI1_IRQHandler
                0x08100660                COMP1_IRQHandler
                0x08100660                LPTIM1_IRQHandler
                0x08100660                I2C4_ER_IRQHandler
                0x08100660                DMA2_Stream6_IRQHandler
                0x08100660                SAI1_IRQHandler
                0x08100660                DMA1_Stream3_IRQHandler
 *fill*         0x08100662        0x2 
 .text.__libc_init_array
                0x08100664       0x48 C:/ST/STM32CubeIDE_1.10.1/STM32CubeIDE/plugins/com.st.stm32cube.ide.mcu.externaltools.gnu-tools-for-stm32.12.3.rel1.win32_1.0.100.202403111256/tools/bin/../lib/gcc/arm-none-eabi/12.3.1/../../../../arm-none-eabi/lib/thumb/v7e-m+fp/hard\libc_nano.a(libc_a-init.o)
                0x08100664                __libc_init_array
 *(.glue_7)
 .glue_7        0x081006ac        0x0 linker stubs
 *(.glue_7t)
 .glue_7t       0x081006ac        0x0 linker stubs
 *(.eh_frame)
 .eh_frame      0x081006ac        0x0 C:/ST/STM32CubeIDE_1.10.1/STM32CubeIDE/plugins/com.st.stm32cube.ide.mcu.externaltools.gnu-tools-for-stm32.12.3.rel1.win32_1.0.100.202403111256/tools/bin/../lib/gcc/arm-none-eabi/12.3.1/thumb/v7e-m+fp/hard/crtbegin.o
 *(.init)
 .init          0x081006ac        0x4 C:/ST/STM32CubeIDE_1.10.1/STM32CubeIDE/plugins/com.st.stm32cube.ide.mcu.externaltools.gnu-tools-for-stm32.12.3.rel1.win32_1.0.100.202403111256/tools/bin/../lib/gcc/arm-none-eabi/12.3.1/thumb/v7e-m+fp/hard/crti.o
                0x081006ac                _init
 .init          0x081006b0        0x8 C:/ST/STM32CubeIDE_1.10.1/STM32CubeIDE/plugins/com.st.stm32cube.ide.mcu.externaltools.gnu-tools-for-stm32.12.3.rel1.win32_1.0.100.202403111256/tools/bin/../lib/gcc/arm-none-eabi/12.3.1/thumb/v7e-m+fp/hard/crtn.o
 *(.fini)
 .fini          0x081006b8        0x4 C:/ST/STM32CubeIDE_1.10.1/STM32CubeIDE/plugins/com.st.stm32cube.ide.mcu.externaltools.gnu-tools-for-stm32.12.3.rel1.win32_1.0.100.202403111256/tools/bin/../lib/gcc/arm-none-eabi/12.3.1/thumb/v7e-m+fp/hard/crti.o
                0x081006b8                _fini
 .fini          0x081006bc        0x8 C:/ST/STM32CubeIDE_1.10.1/STM32CubeIDE/plugins/com.st.stm32cube.ide.mcu.externaltools.gnu-tools-for-stm32.12.3.rel1.win32_1.0.100.202403111256/tools/bin/../lib/gcc/arm-none-eabi/12.3.1/thumb/v7e-m+fp/hard/crtn.o
                0x081006c4                        . = ALIGN (0x4)
                0x081006c4                        _etext = .

.vfp11_veneer   0x081006c4        0x0
 .vfp11_veneer  0x081006c4        0x0 linker stubs

.v4_bx          0x081006c4        0x0
 .v4_bx         0x081006c4        0x0 linker stubs

.iplt           0x081006c4        0x0
 .iplt          0x081006c4        0x0 C:/ST/STM32CubeIDE_1.10.1/STM32CubeIDE/plugins/com.st.stm32cube.ide.mcu.externaltools.gnu-tools-for-stm32.12.3.rel1.win32_1.0.100.202403111256/tools/bin/../lib/gcc/arm-none-eabi/12.3.1/thumb/v7e-m+fp/hard/crtbegin.o

.rodata         0x081006c4        0xc
                0x081006c4                        . = ALIGN (0x4)
 *(.rodata)
 .rodata        0x081006c4        0xc ./Core/Src/main.o
 *(.rodata*)
                0x081006d0                        . = ALIGN (0x4)

.ARM.extab
 *(.ARM.extab* .gnu.linkonce.armextab.*)

.ARM            0x081006d0        0x0
                0x081006d0                        __exidx_start = .
 *(.ARM.exidx*)
                0x081006d0                        __exidx_end = .

.preinit_array  0x081006d0        0x0
                0x081006d0                        PROVIDE (__preinit_array_start = .)
 *(.preinit_array*)
                0x081006d0                        PROVIDE (__preinit_array_end = .)

.init_array     0x081006d0        0x4
                0x081006d0                        PROVIDE (__init_array_start = .)
 *(SORT_BY_NAME(.init_array.*))
 *(.init_array*)
 .init_array    0x081006d0        0x4 C:/ST/STM32CubeIDE_1.10.1/STM32CubeIDE/plugins/com.st.stm32cube.ide.mcu.externaltools.gnu-tools-for-stm32.12.3.rel1.win32_1.0.100.202403111256/tools/bin/../lib/gcc/arm-none-eabi/12.3.1/thumb/v7e-m+fp/hard/crtbegin.o
                0x081006d4                        PROVIDE (__init_array_end = .)

.fini_array     0x081006d4        0x4
                [!provide]                        PROVIDE (__fini_array_start = .)
 *(SORT_BY_NAME(.fini_array.*))
 *(.fini_array*)
 .fini_array    0x081006d4        0x4 C:/ST/STM32CubeIDE_1.10.1/STM32CubeIDE/plugins/com.st.stm32cube.ide.mcu.externaltools.gnu-tools-for-stm32.12.3.rel1.win32_1.0.100.202403111256/tools/bin/../lib/gcc/arm-none-eabi/12.3.1/thumb/v7e-m+fp/hard/crtbegin.o
                [!provide]                        PROVIDE (__fini_array_end = .)
                0x081006d8                        _sidata = LOADADDR (.data)

.rel.dyn        0x081006d8        0x0
 .rel.iplt      0x081006d8        0x0 C:/ST/STM32CubeIDE_1.10.1/STM32CubeIDE/plugins/com.st.stm32cube.ide.mcu.externaltools.gnu-tools-for-stm32.12.3.rel1.win32_1.0.100.202403111256/tools/bin/../lib/gcc/arm-none-eabi/12.3.1/thumb/v7e-m+fp/hard/crtbegin.o

.data           0x10000000      0x158 load address 0x081006d8
                0x10000000                        . = ALIGN (0x4)
                0x10000000                        _sdata = .
 *(.data)
 *(.data*)
 .data.GPIO_offset
                0x10000000       0x28 ./Core/Src/GPIO.o
 .data.RCC_offset
                0x10000028      0x130 ./Core/Src/RCC_CLOCK.o
 *(.RamFunc)
 *(.RamFunc*)
                0x10000158                        . = ALIGN (0x4)
                0x10000158                        _edata = .

.igot.plt       0x10000158        0x0 load address 0x08100830
 .igot.plt      0x10000158        0x0 C:/ST/STM32CubeIDE_1.10.1/STM32CubeIDE/plugins/com.st.stm32cube.ide.mcu.externaltools.gnu-tools-for-stm32.12.3.rel1.win32_1.0.100.202403111256/tools/bin/../lib/gcc/arm-none-eabi/12.3.1/thumb/v7e-m+fp/hard/crtbegin.o
                0x10000158                        . = ALIGN (0x4)

.bss            0x10000158       0x1c load address 0x08100830
                0x10000158                        _sbss = .
                0x10000158                        __bss_start__ = _sbss
 *(.bss)
 .bss           0x10000158       0x1c C:/ST/STM32CubeIDE_1.10.1/STM32CubeIDE/plugins/com.st.stm32cube.ide.mcu.externaltools.gnu-tools-for-stm32.12.3.rel1.win32_1.0.100.202403111256/tools/bin/../lib/gcc/arm-none-eabi/12.3.1/thumb/v7e-m+fp/hard/crtbegin.o
 *(.bss*)
 *(COMMON)
                0x10000174                        . = ALIGN (0x4)
                0x10000174                        _ebss = .
                0x10000174                        __bss_end__ = _ebss

._user_heap_stack
                0x10000174      0x604 load address 0x08100830
                0x10000178                        . = ALIGN (0x8)
 *fill*         0x10000174        0x4 
                [!provide]                        PROVIDE (end = .)
                0x10000178                        PROVIDE (_end = .)
                0x10000378                        . = (. + _Min_Heap_Size)
 *fill*         0x10000178      0x200 
                0x10000778                        . = (. + _Min_Stack_Size)
 *fill*         0x10000378      0x400 
                0x10000778                        . = ALIGN (0x8)

/DISCARD/
 libc.a(*)
 libm.a(*)
 libgcc.a(*)

.ARM.attributes
                0x00000000       0x30
 *(.ARM.attributes)
 .ARM.attributes
                0x00000000       0x22 C:/ST/STM32CubeIDE_1.10.1/STM32CubeIDE/plugins/com.st.stm32cube.ide.mcu.externaltools.gnu-tools-for-stm32.12.3.rel1.win32_1.0.100.202403111256/tools/bin/../lib/gcc/arm-none-eabi/12.3.1/thumb/v7e-m+fp/hard/crti.o
 .ARM.attributes
                0x00000022       0x34 C:/ST/STM32CubeIDE_1.10.1/STM32CubeIDE/plugins/com.st.stm32cube.ide.mcu.externaltools.gnu-tools-for-stm32.12.3.rel1.win32_1.0.100.202403111256/tools/bin/../lib/gcc/arm-none-eabi/12.3.1/thumb/v7e-m+fp/hard/crtbegin.o
 .ARM.attributes
                0x00000056       0x34 ./Common/Src/system_stm32h7xx_dualcore_boot_cm4_cm7.o
 .ARM.attributes
                0x0000008a       0x34 ./Core/Src/GPIO.o
 .ARM.attributes
                0x000000be       0x34 ./Core/Src/RCC_CLOCK.o
 .ARM.attributes
                0x000000f2       0x34 ./Core/Src/main.o
 .ARM.attributes
                0x00000126       0x34 ./Core/Src/stm32h7xx_it.o
 .ARM.attributes
                0x0000015a       0x21 ./Core/Startup/startup_stm32h757xihx.o
 .ARM.attributes
                0x0000017b       0x34 C:/ST/STM32CubeIDE_1.10.1/STM32CubeIDE/plugins/com.st.stm32cube.ide.mcu.externaltools.gnu-tools-for-stm32.12.3.rel1.win32_1.0.100.202403111256/tools/bin/../lib/gcc/arm-none-eabi/12.3.1/../../../../arm-none-eabi/lib/thumb/v7e-m+fp/hard\libc_nano.a(libc_a-init.o)
 .ARM.attributes
                0x000001af       0x22 C:/ST/STM32CubeIDE_1.10.1/STM32CubeIDE/plugins/com.st.stm32cube.ide.mcu.externaltools.gnu-tools-for-stm32.12.3.rel1.win32_1.0.100.202403111256/tools/bin/../lib/gcc/arm-none-eabi/12.3.1/thumb/v7e-m+fp/hard/crtn.o
OUTPUT(STM32_USART_DRIVER_LL_V2_CM4.elf elf32-littlearm)
LOAD linker stubs
LOAD C:/ST/STM32CubeIDE_1.10.1/STM32CubeIDE/plugins/com.st.stm32cube.ide.mcu.externaltools.gnu-tools-for-stm32.12.3.rel1.win32_1.0.100.202403111256/tools/bin/../lib/gcc/arm-none-eabi/12.3.1/../../../../arm-none-eabi/lib/thumb/v7e-m+fp/hard\libc.a
LOAD C:/ST/STM32CubeIDE_1.10.1/STM32CubeIDE/plugins/com.st.stm32cube.ide.mcu.externaltools.gnu-tools-for-stm32.12.3.rel1.win32_1.0.100.202403111256/tools/bin/../lib/gcc/arm-none-eabi/12.3.1/../../../../arm-none-eabi/lib/thumb/v7e-m+fp/hard\libm.a
LOAD C:/ST/STM32CubeIDE_1.10.1/STM32CubeIDE/plugins/com.st.stm32cube.ide.mcu.externaltools.gnu-tools-for-stm32.12.3.rel1.win32_1.0.100.202403111256/tools/bin/../lib/gcc/arm-none-eabi/12.3.1/thumb/v7e-m+fp/hard\libgcc.a

.debug_info     0x00000000     0x1131
 .debug_info    0x00000000      0x761 ./Common/Src/system_stm32h7xx_dualcore_boot_cm4_cm7.o
 .debug_info    0x00000761      0x1e7 ./Core/Src/GPIO.o
 .debug_info    0x00000948      0x490 ./Core/Src/RCC_CLOCK.o
 .debug_info    0x00000dd8      0x1c8 ./Core/Src/main.o
 .debug_info    0x00000fa0      0x161 ./Core/Src/stm32h7xx_it.o
 .debug_info    0x00001101       0x30 ./Core/Startup/startup_stm32h757xihx.o

.debug_abbrev   0x00000000      0x4d6
 .debug_abbrev  0x00000000      0x138 ./Common/Src/system_stm32h7xx_dualcore_boot_cm4_cm7.o
 .debug_abbrev  0x00000138      0x125 ./Core/Src/GPIO.o
 .debug_abbrev  0x0000025d       0xdc ./Core/Src/RCC_CLOCK.o
 .debug_abbrev  0x00000339       0xf9 ./Core/Src/main.o
 .debug_abbrev  0x00000432       0x80 ./Core/Src/stm32h7xx_it.o
 .debug_abbrev  0x000004b2       0x24 ./Core/Startup/startup_stm32h757xihx.o

.debug_aranges  0x00000000      0x128
 .debug_aranges
                0x00000000       0x28 ./Common/Src/system_stm32h7xx_dualcore_boot_cm4_cm7.o
 .debug_aranges
                0x00000028       0x30 ./Core/Src/GPIO.o
 .debug_aranges
                0x00000058       0x20 ./Core/Src/RCC_CLOCK.o
 .debug_aranges
                0x00000078       0x28 ./Core/Src/main.o
 .debug_aranges
                0x000000a0       0x60 ./Core/Src/stm32h7xx_it.o
 .debug_aranges
                0x00000100       0x28 ./Core/Startup/startup_stm32h757xihx.o

.debug_rnglists
                0x00000000       0xc4
 .debug_rnglists
                0x00000000       0x1a ./Common/Src/system_stm32h7xx_dualcore_boot_cm4_cm7.o
 .debug_rnglists
                0x0000001a       0x21 ./Core/Src/GPIO.o
 .debug_rnglists
                0x0000003b       0x14 ./Core/Src/RCC_CLOCK.o
 .debug_rnglists
                0x0000004f       0x19 ./Core/Src/main.o
 .debug_rnglists
                0x00000068       0x43 ./Core/Src/stm32h7xx_it.o
 .debug_rnglists
                0x000000ab       0x19 ./Core/Startup/startup_stm32h757xihx.o

.debug_macro    0x00000000    0x32ac7
 .debug_macro   0x00000000      0x184 ./Common/Src/system_stm32h7xx_dualcore_boot_cm4_cm7.o
 .debug_macro   0x00000184      0xaea ./Common/Src/system_stm32h7xx_dualcore_boot_cm4_cm7.o
 .debug_macro   0x00000c6e       0x2e ./Common/Src/system_stm32h7xx_dualcore_boot_cm4_cm7.o
 .debug_macro   0x00000c9c       0x3b ./Common/Src/system_stm32h7xx_dualcore_boot_cm4_cm7.o
 .debug_macro   0x00000cd7       0x22 ./Common/Src/system_stm32h7xx_dualcore_boot_cm4_cm7.o
 .debug_macro   0x00000cf9       0x8e ./Common/Src/system_stm32h7xx_dualcore_boot_cm4_cm7.o
 .debug_macro   0x00000d87       0x51 ./Common/Src/system_stm32h7xx_dualcore_boot_cm4_cm7.o
 .debug_macro   0x00000dd8      0x103 ./Common/Src/system_stm32h7xx_dualcore_boot_cm4_cm7.o
 .debug_macro   0x00000edb       0x6a ./Common/Src/system_stm32h7xx_dualcore_boot_cm4_cm7.o
 .debug_macro   0x00000f45      0x1df ./Common/Src/system_stm32h7xx_dualcore_boot_cm4_cm7.o
 .debug_macro   0x00001124       0x1c ./Common/Src/system_stm32h7xx_dualcore_boot_cm4_cm7.o
 .debug_macro   0x00001140       0x22 ./Common/Src/system_stm32h7xx_dualcore_boot_cm4_cm7.o
 .debug_macro   0x00001162       0xfb ./Common/Src/system_stm32h7xx_dualcore_boot_cm4_cm7.o
 .debug_macro   0x0000125d     0x1011 ./Common/Src/system_stm32h7xx_dualcore_boot_cm4_cm7.o
 .debug_macro   0x0000226e      0x11f ./Common/Src/system_stm32h7xx_dualcore_boot_cm4_cm7.o
 .debug_macro   0x0000238d    0x2cd41 ./Common/Src/system_stm32h7xx_dualcore_boot_cm4_cm7.o
 .debug_macro   0x0002f0ce       0x6d ./Common/Src/system_stm32h7xx_dualcore_boot_cm4_cm7.o
 .debug_macro   0x0002f13b       0x61 ./Common/Src/system_stm32h7xx_dualcore_boot_cm4_cm7.o
 .debug_macro   0x0002f19c       0x2a ./Common/Src/system_stm32h7xx_dualcore_boot_cm4_cm7.o
 .debug_macro   0x0002f1c6       0x43 ./Common/Src/system_stm32h7xx_dualcore_boot_cm4_cm7.o
 .debug_macro   0x0002f209       0x34 ./Common/Src/system_stm32h7xx_dualcore_boot_cm4_cm7.o
 .debug_macro   0x0002f23d      0x189 ./Common/Src/system_stm32h7xx_dualcore_boot_cm4_cm7.o
 .debug_macro   0x0002f3c6       0x16 ./Common/Src/system_stm32h7xx_dualcore_boot_cm4_cm7.o
 .debug_macro   0x0002f3dc       0x43 ./Common/Src/system_stm32h7xx_dualcore_boot_cm4_cm7.o
 .debug_macro   0x0002f41f       0x34 ./Common/Src/system_stm32h7xx_dualcore_boot_cm4_cm7.o
 .debug_macro   0x0002f453       0x10 ./Common/Src/system_stm32h7xx_dualcore_boot_cm4_cm7.o
 .debug_macro   0x0002f463       0x58 ./Common/Src/system_stm32h7xx_dualcore_boot_cm4_cm7.o
 .debug_macro   0x0002f4bb       0x8e ./Common/Src/system_stm32h7xx_dualcore_boot_cm4_cm7.o
 .debug_macro   0x0002f549       0x1c ./Common/Src/system_stm32h7xx_dualcore_boot_cm4_cm7.o
 .debug_macro   0x0002f565      0x177 ./Common/Src/system_stm32h7xx_dualcore_boot_cm4_cm7.o
 .debug_macro   0x0002f6dc      0x369 ./Common/Src/system_stm32h7xx_dualcore_boot_cm4_cm7.o
 .debug_macro   0x0002fa45      0x19b ./Common/Src/system_stm32h7xx_dualcore_boot_cm4_cm7.o
 .debug_macro   0x0002fbe0       0xce ./Core/Src/GPIO.o
 .debug_macro   0x0002fcae      0x118 ./Core/Src/GPIO.o
 .debug_macro   0x0002fdc6       0xce ./Core/Src/RCC_CLOCK.o
 .debug_macro   0x0002fe94      0x17e ./Core/Src/RCC_CLOCK.o
 .debug_macro   0x00030012      0x235 ./Core/Src/main.o
 .debug_macro   0x00030247      0x9f8 ./Core/Src/main.o
 .debug_macro   0x00030c3f       0xd0 ./Core/Src/main.o
 .debug_macro   0x00030d0f      0x35f ./Core/Src/main.o
 .debug_macro   0x0003106e      0x384 ./Core/Src/main.o
 .debug_macro   0x000313f2      0x2e2 ./Core/Src/main.o
 .debug_macro   0x000316d4      0x1b0 ./Core/Src/main.o
 .debug_macro   0x00031884       0x46 ./Core/Src/main.o
 .debug_macro   0x000318ca      0x284 ./Core/Src/main.o
 .debug_macro   0x00031b4e      0x79a ./Core/Src/main.o
 .debug_macro   0x000322e8      0x1ae ./Core/Src/main.o
 .debug_macro   0x00032496      0x165 ./Core/Src/main.o
 .debug_macro   0x000325fb       0x22 ./Core/Src/main.o
 .debug_macro   0x0003261d      0x112 ./Core/Src/main.o
 .debug_macro   0x0003272f      0x184 ./Core/Src/main.o
 .debug_macro   0x000328b3      0x214 ./Core/Src/stm32h7xx_it.o

.debug_line     0x00000000     0x23a8
 .debug_line    0x00000000      0x7e9 ./Common/Src/system_stm32h7xx_dualcore_boot_cm4_cm7.o
 .debug_line    0x000007e9      0x59c ./Core/Src/GPIO.o
 .debug_line    0x00000d85      0x5aa ./Core/Src/RCC_CLOCK.o
 .debug_line    0x0000132f      0x7ca ./Core/Src/main.o
 .debug_line    0x00001af9      0x835 ./Core/Src/stm32h7xx_it.o
 .debug_line    0x0000232e       0x7a ./Core/Startup/startup_stm32h757xihx.o

.debug_str      0x00000000   0x1214a2
 .debug_str     0x00000000   0x10e8f7 ./Common/Src/system_stm32h7xx_dualcore_boot_cm4_cm7.o
                             0x10eb9c (size before relaxing)
 .debug_str     0x0010e8f7      0x5a8 ./Core/Src/GPIO.o
                             0x10a9b3 (size before relaxing)
 .debug_str     0x0010ee9f      0x5ac ./Core/Src/RCC_CLOCK.o
                             0x10abda (size before relaxing)
 .debug_str     0x0010f44b    0x11f56 ./Core/Src/main.o
                             0x121149 (size before relaxing)
 .debug_str     0x001213a1       0xbd ./Core/Src/stm32h7xx_it.o
                             0x120260 (size before relaxing)
 .debug_str     0x0012145e       0x44 ./Core/Startup/startup_stm32h757xihx.o
                                 0x94 (size before relaxing)

.comment        0x00000000       0x43
 .comment       0x00000000       0x43 ./Common/Src/system_stm32h7xx_dualcore_boot_cm4_cm7.o
                                 0x44 (size before relaxing)
 .comment       0x00000043       0x44 ./Core/Src/GPIO.o
 .comment       0x00000043       0x44 ./Core/Src/RCC_CLOCK.o
 .comment       0x00000043       0x44 ./Core/Src/main.o
 .comment       0x00000043       0x44 ./Core/Src/stm32h7xx_it.o

.debug_frame    0x00000000      0x290
 .debug_frame   0x00000000       0x58 ./Common/Src/system_stm32h7xx_dualcore_boot_cm4_cm7.o
 .debug_frame   0x00000058       0x84 ./Core/Src/GPIO.o
 .debug_frame   0x000000dc       0x38 ./Core/Src/RCC_CLOCK.o
 .debug_frame   0x00000114       0x48 ./Core/Src/main.o
 .debug_frame   0x0000015c      0x108 ./Core/Src/stm32h7xx_it.o
 .debug_frame   0x00000264       0x2c C:/ST/STM32CubeIDE_1.10.1/STM32CubeIDE/plugins/com.st.stm32cube.ide.mcu.externaltools.gnu-tools-for-stm32.12.3.rel1.win32_1.0.100.202403111256/tools/bin/../lib/gcc/arm-none-eabi/12.3.1/../../../../arm-none-eabi/lib/thumb/v7e-m+fp/hard\libc_nano.a(libc_a-init.o)

.debug_line_str
                0x00000000       0x78
 .debug_line_str
                0x00000000       0x78 ./Core/Startup/startup_stm32h757xihx.o
